#Command line options: -a query -Q Set.01.snv.unfilt.all_eps.fasta -i Reference/Ensembl/index/ -o Set.01.snv.all_eps_ensembl.out 
##Query	Subject	SubjectLength	MatchStart	MatchEnd
line195_NM_0025;TLASKITGM	No match
line195_NM_0025;ASKITGMLL	ENSP00000428693.1	527	142	150	
line195_NM_0025;ASKITGMLL	ENSP00000427819.1	2792	2407	2415	
line195_NM_0025;ASKITGMLL	ENSP00000220959.4	2798	2413	2421	
line195_NM_0025;ASKITGMLL	ENSP00000429084.1	2799	2413	2421	
line195_NM_0025;SKITGMLLE	ENSP00000428693.1	527	143	151	
line195_NM_0025;SKITGMLLE	ENSP00000427819.1	2792	2408	2416	
line195_NM_0025;SKITGMLLE	ENSP00000220959.4	2798	2414	2422	
line195_NM_0025;SKITGMLLE	ENSP00000429084.1	2799	2414	2422	
line196_NM_0025;RLFPLIQAL	No match